###############################################################################
#                                                                             #
# IAR ELF Linker V1.40.1.50106 for STM8                 12/Mar/2015  14:52:07 #
# Copyright 2010-2013 IAR Systems AB.                                         #
#                                                                             #
#    Output file  =  E:\work\softproject\led_show\Project\Debug\Exe\templproj #
#                    .out                                                     #
#    Map file     =  E:\work\softproject\led_show\Project\Debug\List\templpro #
#                    j.map                                                    #
#    Command line =  E:\work\softproject\led_show\Project\Debug\Obj\main.o    #
#                    E:\work\softproject\led_show\Project\Debug\Obj\stm8s_clk #
#                    .o E:\work\softproject\led_show\Project\Debug\Obj\stm8s_ #
#                    gpio.o E:\work\softproject\led_show\Project\Debug\Obj\st #
#                    m8s_tim1.o E:\work\softproject\led_show\Project\Debug\Ob #
#                    j\stm8s_uart1.o E:\work\softproject\led_show\Project\Deb #
#                    ug\Obj\tm1650.o --redirect _Printf=_PrintfFullNoMb       #
#                    --redirect _Scanf=_ScanfFullNoMb -o                      #
#                    E:\work\softproject\led_show\Project\Debug\Exe\templproj #
#                    .out --map E:\work\softproject\led_show\Project\Debug\Li #
#                    st\templproj.map --config "C:\Program Files (x86)\IAR    #
#                    Systems\Embedded Workbench 6.5\stm8\config\lnkstm8s003f3 #
#                    .icf" --config_def _CSTACK_SIZE=0x100 --config_def       #
#                    _HEAP_SIZE=0x100 --entry __iar_program_start --debug_lib #
#                                                                             #
#                                                                             #
###############################################################################

*******************************************************************************
*** RUNTIME MODEL ATTRIBUTES
***

__SystemLibrary            = DLib
__code_model               = small
__core                     = stm8
__data_model               = small
__dlib_file_descriptor     = 0
__dlib_full_locale_support = 0
__rt_version               = 4


*******************************************************************************
*** PLACEMENT SUMMARY
***

"A1":  place at start of [0x000000-0x0000ff] { rw section .vregs };
"P1":  place in [from 0x000000 to 0x0000ff] {
          rw section .tiny.bss, rw section .tiny.data, rw section .tiny.noinit,
          rw section .tiny.rodata };
"A2":  place at end of [0x000000-0x0003ff] { block CSTACK };
"A3":  place at start of [0x008000-0x009fff] { block INTVEC };
"P3":  place in [from 0x008000 to 0x009fff] {
          ro section .far.data_init, ro section .far_func.textrw_init,
          ro section .huge.data_init, ro section .huge_func.textrw_init,
          ro section .iar.init_table, ro section .init_array,
          ro section .near.data_init, ro section .near.rodata,
          ro section .near_func.text, ro section .near_func.textrw_init,
          ro section .tiny.data_init, ro section .tiny.rodata_init };

  Section          Kind      Address   Size  Object
  -------          ----      -------   ----  ------
"A1":                                  0x10
  .vregs           uninit   0x000000   0x10  vregs.o [4]
                          - 0x000010   0x10

"P1":                                  0x1a
  .tiny.bss        zero     0x000010   0x14  main.o [1]
  .tiny.bss        zero     0x000024    0x2  main.o [1]
  .tiny.bss        zero     0x000026    0x1  main.o [1]
  .tiny.bss        zero     0x000027    0x1  main.o [1]
  .tiny.bss        zero     0x000028    0x1  main.o [1]
  .tiny.bss        zero     0x000029    0x1  main.o [1]
                          - 0x00002a   0x1a

"A2":                                 0x100
  CSTACK                    0x000300  0x100  <Block>
    CSTACK         uninit   0x000300  0x100  <Block tail>
                          - 0x000400  0x100

"A3":                                  0x80
  INTVEC                    0x008000   0x80  <Block>
    .intvec        const    0x008000   0x80  interrupt.o [4]
                          - 0x008080   0x80

"P3":                                 0xd05
  .near_func.text  ro code  0x008080  0x131  stm8s_uart1.o [1]
  .near_func.text  ro code  0x0081b1  0x12f  long.o [4]
  .near_func.text  ro code  0x0082e0  0x101  main.o [1]
  .near_func.text  ro code  0x0083e1   0xf2  main.o [1]
  .near_func.text  ro code  0x0084d3   0xe5  vreg_util.o [4]
  .near_func.text  ro code  0x0085b8   0xae  stm8s_gpio.o [1]
  .near_func.text  ro code  0x008666   0x92  main.o [1]
  .near_func.text  ro code  0x0086f8   0x90  stm8s_uart1.o [1]
  .near_func.text  ro code  0x008788   0x89  stm8s_clk.o [1]
  .near_func.text  ro code  0x008811   0x72  stm8s_uart1.o [1]
  .near_func.text  ro code  0x008883   0x68  tm1650.o [1]
  .near_func.text  ro code  0x0088eb   0x67  tm1650.o [1]
  .near_func.text  ro code  0x008952   0x5d  stm8s_clk.o [1]
  .near_func.text  ro code  0x0089af   0x4d  tm1650.o [1]
  .near_func.text  ro code  0x0089fc   0x47  long_util.o [4]
  .near_func.text  ro code  0x008a43   0x3e  tm1650.o [1]
  .near_func.text  ro code  0x008a81   0x39  tm1650.o [1]
  .near_func.text  ro code  0x008aba   0x36  short.o [4]
  .near_func.text  ro code  0x008af0   0x2d  stm8s_tim1.o [1]
  .near_func.text  ro code  0x008b1d   0x2d  stm8s_tim1.o [1]
  .near_func.text  ro code  0x008b4a   0x2d  stm8s_uart1.o [1]
  .near_func.text  ro code  0x008b77   0x2d  tm1650.o [1]
  .near_func.text  ro code  0x008ba4   0x2c  dc_util.o [4]
  .near_func.text  ro code  0x008bd0   0x28  main.o [1]
  .near_func.text  ro code  0x008bf8   0x21  main.o [1]
  .iar.init_table  const    0x008c19    0x8  - Linker created -
  .near_func.text  ro code  0x008c21   0x20  main.o [1]
  .near_func.text  ro code  0x008c41   0x1f  main.o [1]
  .near_func.text  ro code  0x008c60   0x1e  init_small.o [4]
  .near_func.text  ro code  0x008c7e   0x1d  main.o [1]
  .near_func.text  ro code  0x008c9b   0x1a  stm8s_gpio.o [1]
  .near_func.text  ro code  0x008cb5   0x17  init.o [4]
  .near_func.text  ro code  0x008ccc   0x14  __dbg_xxexit.o [3]
  .near_func.text  ro code  0x008ce0   0x13  cstartup.o [4]
  .near_func.text  ro code  0x008cf3    0xd  stm8s_clk.o [1]
  .near_func.text  ro code  0x008d00    0xd  stm8s_clk.o [1]
  .near_func.text  ro code  0x008d0d    0xd  stm8s_clk.o [1]
  .near_func.text  ro code  0x008d1a    0xd  stm8s_clk.o [1]
  .near_func.text  ro code  0x008d27    0xd  stm8s_uart1.o [1]
  .near.rodata     const    0x008d34    0xc  main.o [1]
  .near_func.text  ro code  0x008d40    0xb  stm8s_gpio.o [1]
  .near_func.text  ro code  0x008d4b    0x8  tm1650.o [1]
  .near.rodata     const    0x008d53    0x5  tm1650.o [1]
  .near_func.text  ro code  0x008d58    0x5  stm8s_tim1.o [1]
  .near_func.text  ro code  0x008d5d    0x5  cexit.o [4]
  .near.rodata     const    0x008d62    0x4  stm8s_clk.o [1]
  .near.rodata     const    0x008d66    0x4  tm1650.o [1]
  .near_func.text  ro code  0x008d6a    0x4  stm8s_gpio.o [1]
  .near_func.text  ro code  0x008d6e    0x4  stm8s_uart1.o [1]
  .near_func.text  ro code  0x008d72    0x3  stm8s_gpio.o [1]
  .near_func.text  ro code  0x008d75    0x3  stm8s_gpio.o [1]
  .near_func.text  ro code  0x008d78    0x3  interrupt.o [4]
  .near_func.text  ro code  0x008d7b    0x3  low_level_init.o [4]
  .near_func.text  ro code  0x008d7e    0x3  exit.o [4]
  .near_func.text  ro code  0x008d81    0x3  unhandled_exception.o [4]
  .near_func.text  ro code  0x008d84    0x1  __dbg_break.o [3]
                          - 0x008d85  0xd05


*******************************************************************************
*** INIT TABLE
***

          Address   Size
          -------   ----
Zero (__iar_zero_init2)
    1 destination range, total size 0x1a:
          0x000010  0x1a



*******************************************************************************
*** MODULE SUMMARY
***

    Module                 ro code  ro data  rw data
    ------                 -------  -------  -------
E:\work\softproject\led_show\Project\Debug\Obj: [1]
    main.o                     810       12       26
    stm8s_clk.o                282        4
    stm8s_gpio.o               221
    stm8s_tim1.o                95
    stm8s_uart1.o              625
    tm1650.o                   456        9
    ------------------------------------------------
    Total:                   2 489       25       26

command line: [2]
    ------------------------------------------------
    Total:

dbgstm8ssd.a: [3]
    __dbg_break.o                1
    __dbg_xxexit.o              20
    ------------------------------------------------
    Total:                      21

dlstm8ssn.a: [4]
    cexit.o                      5
    cstartup.o                  19
    dc_util.o                   44
    exit.o                       3
    init.o                      23
    init_small.o                30
    interrupt.o                  3      128
    long.o                     303
    long_util.o                 71
    low_level_init.o             3
    short.o                     54
    unhandled_exception.o        3
    vreg_util.o                229
    vregs.o                                       16
    ------------------------------------------------
    Total:                     790      128       16

    Linker created                        8      256
----------------------------------------------------
    Grand Total:             3 300      161      298


*******************************************************************************
*** ENTRY LIST
***

Entry                    Address   Size  Type      Object
-----                    -------   ----  ----      ------
?b0                     0x000000         Data  Gb  vregs.o [4]
?b1                     0x000001         Data  Gb  vregs.o [4]
?b10                    0x00000a         Data  Gb  vregs.o [4]
?b11                    0x00000b         Data  Gb  vregs.o [4]
?b12                    0x00000c         Data  Gb  vregs.o [4]
?b13                    0x00000d         Data  Gb  vregs.o [4]
?b14                    0x00000e         Data  Gb  vregs.o [4]
?b15                    0x00000f         Data  Gb  vregs.o [4]
?b2                     0x000002         Data  Gb  vregs.o [4]
?b3                     0x000003         Data  Gb  vregs.o [4]
?b4                     0x000004         Data  Gb  vregs.o [4]
?b5                     0x000005         Data  Gb  vregs.o [4]
?b6                     0x000006         Data  Gb  vregs.o [4]
?b7                     0x000007         Data  Gb  vregs.o [4]
?b8                     0x000008         Data  Gb  vregs.o [4]
?b9                     0x000009         Data  Gb  vregs.o [4]
?dc32_l0                0x008bab         Code  Gb  dc_util.o [4]
?dc32_l1                0x008bb8         Code  Gb  dc_util.o [4]
?dc32_px                0x008bc5         Code  Gb  dc_util.o [4]
?dc8_px                 0x008ba4         Code  Gb  dc_util.o [4]
?e0                     0x000001         Data  Gb  vregs.o [4]
?e1                     0x000005         Data  Gb  vregs.o [4]
?e2                     0x000009         Data  Gb  vregs.o [4]
?e3                     0x00000d         Data  Gb  vregs.o [4]
?epilogue_l2            0x008562         Code  Gb  vreg_util.o [4]
?epilogue_l2_l3         0x00855f         Code  Gb  vreg_util.o [4]
?epilogue_w4            0x008566         Code  Gb  vreg_util.o [4]
?l0                     0x000000         Data  Gb  vregs.o [4]
?l1                     0x000004         Data  Gb  vregs.o [4]
?l2                     0x000008         Data  Gb  vregs.o [4]
?l3                     0x00000c         Data  Gb  vregs.o [4]
?load32_0x_l0           0x008a35         Code  Gb  long_util.o [4]
?load32_asp_l0          0x008a29         Code  Gb  long_util.o [4]
?load32_dbsp_l0         0x008a24         Code  Gb  long_util.o [4]
?load32_l0_0x           0x008a0c         Code  Gb  long_util.o [4]
?load32_l0_asp          0x008a01         Code  Gb  long_util.o [4]
?load32_l0_dbsp         0x0089fc         Code  Gb  long_util.o [4]
?load32_l0_xsp          0x008a03         Code  Gb  long_util.o [4]
?load32_l1_0x           0x008a18         Code  Gb  long_util.o [4]
?load32_xsp_l0          0x008a2b         Code  Gb  long_util.o [4]
?mov_e0_e2              0x00856d         Code  Gb  vreg_util.o [4]
?mov_e0_e3              0x00857a         Code  Gb  vreg_util.o [4]
?mov_e1_e0              0x008587         Code  Gb  vreg_util.o [4]
?mov_e1_e2              0x008594         Code  Gb  vreg_util.o [4]
?mov_e2_e0              0x0085a1         Code  Gb  vreg_util.o [4]
?mov_e3_e0              0x0085ae         Code  Gb  vreg_util.o [4]
?mov_l0_l2              0x00856a         Code  Gb  vreg_util.o [4]
?mov_l0_l3              0x008577         Code  Gb  vreg_util.o [4]
?mov_l1_l0              0x008584         Code  Gb  vreg_util.o [4]
?mov_l1_l2              0x008591         Code  Gb  vreg_util.o [4]
?mov_l2_l0              0x00859e         Code  Gb  vreg_util.o [4]
?mov_l3_l0              0x0085ab         Code  Gb  vreg_util.o [4]
?mov_w1_w5              0x008570         Code  Gb  vreg_util.o [4]
?mov_w1_w7              0x00857d         Code  Gb  vreg_util.o [4]
?mov_w3_w1              0x00858a         Code  Gb  vreg_util.o [4]
?mov_w3_w5              0x008597         Code  Gb  vreg_util.o [4]
?mov_w5_w1              0x0085a4         Code  Gb  vreg_util.o [4]
?mov_w7_w1              0x0085b1         Code  Gb  vreg_util.o [4]
?mul32_l0_l0_0x         0x0081cf         Code  Gb  long.o [4]
?mul32_l0_l0_dl         0x0081cc         Code  Gb  long.o [4]
?mul32_l0_l0_l1         0x0081d8         Code  Gb  long.o [4]
?pop_l0                 0x00852b         Code  Gb  vreg_util.o [4]
?pop_l1                 0x008536         Code  Gb  vreg_util.o [4]
?pop_l2                 0x008541         Code  Gb  vreg_util.o [4]
?pop_l3                 0x00854c         Code  Gb  vreg_util.o [4]
?pop_w4                 0x0084eb         Code  Gb  vreg_util.o [4]
?push_l0                0x0084fa         Code  Gb  vreg_util.o [4]
?push_l1                0x0084ff         Code  Gb  vreg_util.o [4]
?push_l2                0x008504         Code  Gb  vreg_util.o [4]
?push_l3                0x008509         Code  Gb  vreg_util.o [4]
?push_w4                0x0084d3         Code  Gb  vreg_util.o [4]
?sdiv16_x_x_y           0x008aba         Code  Gb  short.o [4]
?sll16_x_x_a            0x008ae3         Code  Gb  short.o [4]
?sll32_0x_0x_a          0x0082d2         Code  Gb  long.o [4]
?sll32_l0_l0_a          0x0082cf         Code  Gb  long.o [4]
?sll32_l0_l0_db         0x0082cb         Code  Gb  long.o [4]
?smod16_y_x_y           0x008ad3         Code  Gb  short.o [4]
?srl16_x_x_4            0x008aeb         Code  Gb  short.o [4]
?sub32_l0_l0_0x         0x0081b4         Code  Gb  long.o [4]
?sub32_l0_l0_l1         0x0081b1         Code  Gb  long.o [4]
?udiv32_l0_dl_l1        0x008256         Code  Gb  long.o [4]
?udiv32_l0_l0_dl        0x00825b         Code  Gb  long.o [4]
?udiv32_l0_l0_l1        0x00825e         Code  Gb  long.o [4]
?umod32_l1_l0_l1        0x00825e         Code  Gb  long.o [4]
?w0                     0x000000         Data  Gb  vregs.o [4]
?w1                     0x000002         Data  Gb  vregs.o [4]
?w2                     0x000004         Data  Gb  vregs.o [4]
?w3                     0x000006         Data  Gb  vregs.o [4]
?w4                     0x000008         Data  Gb  vregs.o [4]
?w5                     0x00000a         Data  Gb  vregs.o [4]
?w6                     0x00000c         Data  Gb  vregs.o [4]
?w7                     0x00000e         Data  Gb  vregs.o [4]
CLK_ClockSwitchCmd      0x008d1a    0xd  Code  Gb  stm8s_clk.o [1]
CLK_ClockSwitchConfig   0x008788   0x89  Code  Gb  stm8s_clk.o [1]
CLK_GetClockFreq        0x008952   0x5d  Code  Gb  stm8s_clk.o [1]
CLK_HSECmd              0x008cf3    0xd  Code  Gb  stm8s_clk.o [1]
CLK_HSICmd              0x008d00    0xd  Code  Gb  stm8s_clk.o [1]
CLK_LSICmd              0x008d0d    0xd  Code  Gb  stm8s_clk.o [1]
CSTACK$$Base            0x000300          --   Gb  - Linker created -
CSTACK$$Limit           0x000400          --   Gb  - Linker created -
Delay_us                0x008d4b    0x8  Code  Gb  tm1650.o [1]
GPIO_DeInit             0x008c9b   0x1a  Code  Gb  stm8s_gpio.o [1]
GPIO_Init               0x0085b8   0xae  Code  Gb  stm8s_gpio.o [1]
GPIO_ReadInputData      0x008d75    0x3  Code  Gb  stm8s_gpio.o [1]
GPIO_ReadInputPin       0x008d40    0xb  Code  Gb  stm8s_gpio.o [1]
GPIO_WriteHigh          0x008d72    0x3  Code  Gb  stm8s_gpio.o [1]
GPIO_WriteLow           0x008d6a    0x4  Code  Gb  stm8s_gpio.o [1]
HSIDivFactor            0x008d62    0x4  Data  Gb  stm8s_clk.o [1]
I2CStart                0x008a81   0x39  Code  Gb  tm1650.o [1]
I2CStop                 0x0089af   0x4d  Code  Gb  tm1650.o [1]
I2CWrByte               0x008883   0x68  Code  Gb  tm1650.o [1]
I2Cask                  0x0088eb   0x67  Code  Gb  tm1650.o [1]
INTVEC$$Base            0x008000          --   Gb  - Linker created -
INTVEC$$Limit           0x008080          --   Gb  - Linker created -
Region$$Table$$Base     0x008c19          --   Gb  - Linker created -
Region$$Table$$Limit    0x008c21          --   Gb  - Linker created -
TIM1_ARRPreloadConfig   0x008b1d    0xd  Code  Gb  stm8s_tim1.o [1]
TIM1_ClearITPendingBit  0x008d58    0x5  Code  Gb  stm8s_tim1.o [1]
TIM1_Cmd                0x008b3d    0xd  Code  Gb  stm8s_tim1.o [1]
TIM1_ITConfig           0x008b2a   0x13  Code  Gb  stm8s_tim1.o [1]
TIM1_TimeBaseInit       0x008af0   0x2d  Code  Gb  stm8s_tim1.o [1]
TIM1_UPD_OVF_TRG_BRK_IRQHandler
                        0x008c7e   0x1d  Code  Gb  main.o [1]
UART1_Cmd               0x008d27    0xd  Code  Gb  stm8s_uart1.o [1]
UART1_DeInit            0x008b4a   0x2d  Code  Gb  stm8s_uart1.o [1]
UART1_GetITStatus       0x0086f8   0x90  Code  Gb  stm8s_uart1.o [1]
UART1_ITConfig          0x008811   0x72  Code  Gb  stm8s_uart1.o [1]
UART1_Init              0x008080  0x131  Code  Gb  stm8s_uart1.o [1]
UART1_RX_IRQHandler     0x0083e1   0xf2  Code  Gb  main.o [1]
UART1_ReceiveData8      0x008d6e    0x4  Code  Gb  stm8s_uart1.o [1]
UART1_TX_IRQHandler     0x008c41   0x1f  Code  Gb  main.o [1]
Uart_Init               0x008bd0   0x28  Code  Gb  main.o [1]
__DebugBreak            0x008d84    0x1  Code  Gb  __dbg_break.o [3]
__exit                  0x008ccc   0x14  Code  Gb  __dbg_xxexit.o [3]
__iar_data_init2        0x008cb5   0x17  Code  Gb  init.o [4]
__iar_program_start     0x008ce0         Code  Gb  cstartup.o [4]
__iar_unhandled_exception
                        0x008d81         Code  Gb  unhandled_exception.o [4]
__iar_zero_init2        0x008c60         Code  Gb  init_small.o [4]
__intvec                0x008000         Data  Gb  interrupt.o [4]
__low_level_init        0x008d7b    0x3  Code  Gb  low_level_init.o [4]
_exit                   0x008d5d         Code  Gb  cexit.o [4]
_interrupt_1            0x008d78         Code  Wk  interrupt.o [4]
_interrupt_10           0x008d78         Code  Wk  interrupt.o [4]
_interrupt_11           0x008d78         Code  Wk  interrupt.o [4]
_interrupt_12           0x008d78         Code  Wk  interrupt.o [4]
_interrupt_13           0x008c7e         Code  Gb  main.o [1]
_interrupt_14           0x008d78         Code  Wk  interrupt.o [4]
_interrupt_15           0x008d78         Code  Wk  interrupt.o [4]
_interrupt_16           0x008d78         Code  Wk  interrupt.o [4]
_interrupt_17           0x008d78         Code  Wk  interrupt.o [4]
_interrupt_18           0x008d78         Code  Wk  interrupt.o [4]
_interrupt_19           0x008c41         Code  Gb  main.o [1]
_interrupt_2            0x008d78         Code  Wk  interrupt.o [4]
_interrupt_20           0x0083e1         Code  Gb  main.o [1]
_interrupt_21           0x008d78         Code  Wk  interrupt.o [4]
_interrupt_22           0x008d78         Code  Wk  interrupt.o [4]
_interrupt_23           0x008d78         Code  Wk  interrupt.o [4]
_interrupt_24           0x008d78         Code  Wk  interrupt.o [4]
_interrupt_25           0x008d78         Code  Wk  interrupt.o [4]
_interrupt_26           0x008d78         Code  Wk  interrupt.o [4]
_interrupt_27           0x008d78         Code  Wk  interrupt.o [4]
_interrupt_28           0x008d78         Code  Wk  interrupt.o [4]
_interrupt_29           0x008d78         Code  Wk  interrupt.o [4]
_interrupt_3            0x008d78         Code  Wk  interrupt.o [4]
_interrupt_30           0x008d78         Code  Wk  interrupt.o [4]
_interrupt_31           0x008d78         Code  Wk  interrupt.o [4]
_interrupt_4            0x008d78         Code  Wk  interrupt.o [4]
_interrupt_5            0x008d78         Code  Wk  interrupt.o [4]
_interrupt_6            0x008d78         Code  Wk  interrupt.o [4]
_interrupt_7            0x008d78         Code  Wk  interrupt.o [4]
_interrupt_8            0x008d78         Code  Wk  interrupt.o [4]
_interrupt_9            0x008d78         Code  Wk  interrupt.o [4]
boardid                 0x000026    0x1  Data  Gb  main.o [1]
chipsda                 0x008d53    0x5  Data  Gb  tm1650.o [1]
exit                    0x008d7e    0x3  Code  Gb  exit.o [4]
led_on                  0x008b77   0x2d  Code  Gb  tm1650.o [1]
lednest                 0x008d34    0xc  Data  Gb  main.o [1]
main                    0x0082e0  0x101  Code  Gb  main.o [1]
showaddr                0x008d66    0x4  Data  Gb  tm1650.o [1]
showdata                0x000010   0x14  Data  Gb  main.o [1]
showdigit               0x000029    0x1  Data  Gb  main.o [1]
shown                   0x000028    0x1  Data  Gb  main.o [1]
sysclk_ini              0x008bf8   0x21  Code  Gb  main.o [1]
sysio_ini               0x008666   0x92  Code  Gb  main.o [1]
systime                 0x000024    0x2  Data  Gb  main.o [1]
tmi1_ini                0x008c21   0x20  Code  Gb  main.o [1]
uart_state              0x000027    0x1  Data  Gb  main.o [1]
xianshi                 0x008a43   0x3e  Code  Gb  tm1650.o [1]


[1] = E:\work\softproject\led_show\Project\Debug\Obj
[2] = command line
[3] = dbgstm8ssd.a
[4] = dlstm8ssn.a

  3 300 bytes of readonly  code memory
    161 bytes of readonly  data memory
    298 bytes of readwrite data memory

Errors: none
Warnings: none
